woooollss
